// Jest Snapshot v1, https://goo.gl/fbAQLP

exports[`generate-from-script should pass integration test 1`] = `
"/**
 * @file This file is auto-generated. Do not modify its contents manually.
 */

export const A = 'A';
export const B = A;
"
`;
