// Jest Snapshot v1, https://goo.gl/fbAQLP

exports[`generate-lodash-object-paths should generate expected paths for array-of-objects properties 1`] = `
"/**
 * @file This file is auto-generated. Do not modify its contents manually.
 */

export const byRootNthLevelOneNthFooPath = (
  rootIndex = 0,
  levelOneIndex = 0,
) => ['root', rootIndex, 'levelOne', levelOneIndex, 'foo'];

export const byRootNthLevelOnePath = (rootIndex = 0) => [
  'root',
  rootIndex,
  'levelOne',
];

export const byRootNthLevelOneNthPath = (rootIndex = 0, levelOneIndex = 0) => [
  'root',
  rootIndex,
  'levelOne',
  levelOneIndex,
];

export const byRootNthLevelOneWithoutItemsDefPath = (rootIndex = 0) => [
  'root',
  rootIndex,
  'levelOneWithoutItemsDef',
];

export const byRootNthLevelOneWithoutItemsDefNthPath = (
  rootIndex = 0,
  levelOneWithoutItemsDefIndex = 0,
) => [
  'root',
  rootIndex,
  'levelOneWithoutItemsDef',
  levelOneWithoutItemsDefIndex,
];

export const byRootNthAnyMemberPath = (rootIndex = 0) => [
  'root',
  rootIndex,
  'anyMember',
];

export const byRootPath = () => ['root'];

export const byRootNthPath = (rootIndex = 0) => ['root', rootIndex];
"
`;

exports[`generate-lodash-object-paths should pass example.contact.json integration test 1`] = `
"/**
 * @file This file is auto-generated. Do not modify its contents manually.
 */

export const byIdPath = () => ['id'];

export const byFirstNamePath = () => ['firstName'];

export const byLastNamePath = () => ['lastName'];

export const byGenderPath = () => ['gender'];

export const byPhoneNthTypePath = (phoneIndex = 0) => [
  'phone',
  phoneIndex,
  'type',
];

export const byPhoneNthNumberPath = (phoneIndex = 0) => [
  'phone',
  phoneIndex,
  'number',
];

export const byPhonePath = () => ['phone'];

export const byPhoneNthPath = (phoneIndex = 0) => ['phone', phoneIndex];
"
`;

exports[`generate-lodash-object-paths should pass full integration test 1`] = `
"/**
 * @file This file is auto-generated. Do not modify its contents manually.
 */

export const byLevel1Member1Path = () => ['level1Member1'];

export const byLevel1Member2Path = () => ['level1Member2'];

export const byLevel1Member3Path = () => ['level1Member3'];

export const byLevel1Member4Path = () => ['level1Member4'];

export const byLevel1Member5Path = () => ['level1Member5'];

export const byLevel1Member5NthPath = (level1Member5Index = 0) => [
  'level1Member5',
  level1Member5Index,
];

export const byLevel1Member6NthLevel2Member1Path = (level1Member6Index = 0) => [
  'level1Member6',
  level1Member6Index,
  'level2Member1',
];

export const byLevel1Member6Path = () => ['level1Member6'];

export const byLevel1Member6NthPath = (level1Member6Index = 0) => [
  'level1Member6',
  level1Member6Index,
];

export const byLevel1Member7DefinitionMember1Path = () => [
  'level1Member7',
  'definitionMember1',
];

export const byLevel1Member7Path = () => ['level1Member7'];

export const byLevel1Member8Level2Member1Path = () => [
  'level1Member8',
  'level2Member1',
];

export const byLevel1Member8Level2Member2Path = () => [
  'level1Member8',
  'level2Member2',
];

export const byLevel1Member8Level2Member3Path = () => [
  'level1Member8',
  'level2Member3',
];

export const byLevel1Member8Level2Member3NthPath = (level2Member3Index = 0) => [
  'level1Member8',
  'level2Member3',
  level2Member3Index,
];

export const byLevel1Member8Level2Member4Path = () => [
  'level1Member8',
  'level2Member4',
];

export const byLevel1Member8Level2Member5Path = () => [
  'level1Member8',
  'level2Member5',
];

export const byLevel1Member8Level2Member6Level3Member1Path = () => [
  'level1Member8',
  'level2Member6',
  'level3Member1',
];

export const byLevel1Member8Level2Member6Path = () => [
  'level1Member8',
  'level2Member6',
];

export const byLevel1Member8Path = () => ['level1Member8'];

export const byLevel1Member9Path = () => ['level1Member9'];
"
`;
