// Jest Snapshot v1, https://goo.gl/fbAQLP

exports[`generate-enums should pass example.contact.json integration test 1`] = `
"/**
 * @file This file is auto-generated. Do not modify its contents manually.
 */

export const GenderValues = ['female', 'male', 'unspecified'];
export const Gender = {
  FEMALE: 'female',
  MALE: 'male',
  UNSPECIFIED: 'unspecified',
};

export const PhoneTypeValues = [
  'PRIVATE_LANDLINE',
  'PRIVATE_MOBILE',
  'WORK_LANDLINE',
  'WORK_MOBILE',
];
export const PhoneType = {
  PRIVATE_LANDLINE: 'PRIVATE_LANDLINE',
  PRIVATE_MOBILE: 'PRIVATE_MOBILE',
  WORK_LANDLINE: 'WORK_LANDLINE',
  WORK_MOBILE: 'WORK_MOBILE',
};
"
`;

exports[`generate-enums should pass full integration test 1`] = `
"/**
 * @file This file is auto-generated. Do not modify its contents manually.
 */

export const Level1Member4Values = [
  'A_SHOULD_BE_SORTED_AS_FIRST',
  'Z_SHOULD_BE_SORTED_AS_LAST',
];
export const Level1Member4 = {
  A_SHOULD_BE_SORTED_AS_FIRST: 'A_SHOULD_BE_SORTED_AS_FIRST',
  Z_SHOULD_BE_SORTED_AS_LAST: 'Z_SHOULD_BE_SORTED_AS_LAST',
};

export const Level1Member8Level2Member2Values = ['ONE.BAM', 'ONE.BAZ'];
export const Level1Member8Level2Member2 = {
  'ONE.BAM': 'ONE.BAM',
  'ONE.BAZ': 'ONE.BAZ',
};

export const Level1Member9Values = ['BAR', 'FOO'];
export const Level1Member9 = {
  BAR: 'BAR',
  FOO: 'FOO',
};
"
`;
