// Jest Snapshot v1, https://goo.gl/fbAQLP

exports[`generate-builder integration test 1`] = `
"/**
 * @file This file is auto-generated. Do not modify its contents manually.
 */

import cloneDeep from 'lodash-es/cloneDeep';
import isUndefined from 'lodash-es/isUndefined';
import merge from 'lodash-es/merge';
import set from 'lodash-es/set';

const mergeSet = (targetObject, keyValueObject) =>
  (0, _merge.default)(
    (0, _cloneDeep.default)(targetObject),
    ...Object.entries(keyValueObject)
      .filter(([, value]) => !(0, _isUndefined.default)(value))
      .map(([path, value]) => (0, _set.default)({}, path, value)),
  );

const builder = (
  {
    ROOT_LEVEL_STRING,
    ROOT_LEVEL_BOOL,
    ROOT_LEVEL_NUMBER,
    ROOT_LEVEL_ENUM_ARRAY,
    ROOT_LEVEL_ARRAY_ARRAY,
    ROOT_LEVEL_FROM_DEFINITION_MEMBER_DEFINED_IN_DEFINITION,
    ROOT_LEVEL_FROM_DEFINITION_OBJECT,
    LEVEL_ONE_ANY_STRING,
    LEVEL_ONE_ANY_ENUM_ARRAY,
    LEVEL_ONE_ANY_ARRAY_ARRAY,
    LEVEL_ONE_ANY_BOOL,
    LEVEL_ONE_ANY_NUMBER,
    LEVEL_ONE_LEVEL_TWO_FOO,
    LEVEL_ONE_LEVEL_TWO_OBJECT,
    LEVEL_ONE_OBJECT,
  },
  initialData = {},
) =>
  mergeSet(initialData, {
    rootLevelString: ROOT_LEVEL_STRING,
    rootLevelBool: ROOT_LEVEL_BOOL,
    rootLevelNumber: ROOT_LEVEL_NUMBER,
    rootLevelEnumArray: ROOT_LEVEL_ENUM_ARRAY,
    rootLevelArray: ROOT_LEVEL_ARRAY_ARRAY,
    'rootLevelFromDefinition.memberDefinedInDefinition': ROOT_LEVEL_FROM_DEFINITION_MEMBER_DEFINED_IN_DEFINITION,
    rootLevelFromDefinition: ROOT_LEVEL_FROM_DEFINITION_OBJECT,
    'levelOne.anyString': LEVEL_ONE_ANY_STRING,
    'levelOne.anyEnumArray': LEVEL_ONE_ANY_ENUM_ARRAY,
    'levelOne.anyArray': LEVEL_ONE_ANY_ARRAY_ARRAY,
    'levelOne.anyBool': LEVEL_ONE_ANY_BOOL,
    'levelOne.anyNumber': LEVEL_ONE_ANY_NUMBER,
    'levelOne.levelTwo.foo': LEVEL_ONE_LEVEL_TWO_FOO,
    'levelOne.levelTwo': LEVEL_ONE_LEVEL_TWO_OBJECT,
    levelOne: LEVEL_ONE_OBJECT,
  });

export default builder;
"
`;
