// Jest Snapshot v1, https://goo.gl/fbAQLP

exports[`generate-selector-functions should pass example.contact.json integration test 1`] = `
"/**
 * @file This file is auto-generated. Do not modify its contents manually.
 */

import get from 'lodash/get';

export function byId(property, defaultReturn) {
  return get(property, ['id'], defaultReturn);
}

export function byFirstName(property, defaultReturn) {
  return get(property, ['firstName'], defaultReturn);
}

export function byLastName(property, defaultReturn) {
  return get(property, ['lastName'], defaultReturn);
}

export function byGender(property, defaultReturn) {
  return get(property, ['gender'], defaultReturn);
}

export function byPhoneNthType(property, phoneIndex = 0, defaultReturn) {
  return get(property, ['phone', phoneIndex, 'type'], defaultReturn);
}

export function byPhoneNthNumber(property, phoneIndex = 0, defaultReturn) {
  return get(property, ['phone', phoneIndex, 'number'], defaultReturn);
}

export function byPhone(property, defaultReturn) {
  return get(property, ['phone'], defaultReturn);
}

export function byPhoneNth(property, phoneIndex = 0, defaultReturn) {
  return get(property, ['phone', phoneIndex], defaultReturn);
}
"
`;

exports[`generate-selector-functions should pass full integration test 1`] = `
"/**
 * @file This file is auto-generated. Do not modify its contents manually.
 */

import get from 'lodash/get';

export function byLevel1Member1(property, defaultReturn) {
  return get(property, ['level1Member1'], defaultReturn);
}

export function byLevel1Member2(property, defaultReturn) {
  return get(property, ['level1Member2'], defaultReturn);
}

export function byLevel1Member3(property, defaultReturn) {
  return get(property, ['level1Member3'], defaultReturn);
}

export function byLevel1Member4(property, defaultReturn) {
  return get(property, ['level1Member4'], defaultReturn);
}

export function byLevel1Member5(property, defaultReturn) {
  return get(property, ['level1Member5'], defaultReturn);
}

export function byLevel1Member5Nth(
  property,
  level1Member5Index = 0,
  defaultReturn,
) {
  return get(property, ['level1Member5', level1Member5Index], defaultReturn);
}

export function byLevel1Member6NthLevel2Member1(
  property,
  level1Member6Index = 0,
  defaultReturn,
) {
  return get(
    property,
    ['level1Member6', level1Member6Index, 'level2Member1'],
    defaultReturn,
  );
}

export function byLevel1Member6(property, defaultReturn) {
  return get(property, ['level1Member6'], defaultReturn);
}

export function byLevel1Member6Nth(
  property,
  level1Member6Index = 0,
  defaultReturn,
) {
  return get(property, ['level1Member6', level1Member6Index], defaultReturn);
}

export function byLevel1Member7DefinitionMember1(property, defaultReturn) {
  return get(property, ['level1Member7', 'definitionMember1'], defaultReturn);
}

export function byLevel1Member7(property, defaultReturn) {
  return get(property, ['level1Member7'], defaultReturn);
}

export function byLevel1Member8Level2Member1(property, defaultReturn) {
  return get(property, ['level1Member8', 'level2Member1'], defaultReturn);
}

export function byLevel1Member8Level2Member2(property, defaultReturn) {
  return get(property, ['level1Member8', 'level2Member2'], defaultReturn);
}

export function byLevel1Member8Level2Member3(property, defaultReturn) {
  return get(property, ['level1Member8', 'level2Member3'], defaultReturn);
}

export function byLevel1Member8Level2Member3Nth(
  property,
  level2Member3Index = 0,
  defaultReturn,
) {
  return get(
    property,
    ['level1Member8', 'level2Member3', level2Member3Index],
    defaultReturn,
  );
}

export function byLevel1Member8Level2Member4(property, defaultReturn) {
  return get(property, ['level1Member8', 'level2Member4'], defaultReturn);
}

export function byLevel1Member8Level2Member5(property, defaultReturn) {
  return get(property, ['level1Member8', 'level2Member5'], defaultReturn);
}

export function byLevel1Member8Level2Member6Level3Member1(
  property,
  defaultReturn,
) {
  return get(
    property,
    ['level1Member8', 'level2Member6', 'level3Member1'],
    defaultReturn,
  );
}

export function byLevel1Member8Level2Member6(property, defaultReturn) {
  return get(property, ['level1Member8', 'level2Member6'], defaultReturn);
}

export function byLevel1Member8(property, defaultReturn) {
  return get(property, ['level1Member8'], defaultReturn);
}

export function byLevel1Member9(property, defaultReturn) {
  return get(property, ['level1Member9'], defaultReturn);
}
"
`;
